2025-04-19 20:26:57,972 - masks.py - DEBUG: Начинаем маскировать номер карты: 7000792289606361
2025-04-19 20:26:57,972 - masks.py - DEBUG: Номер карты маскирован: 7000 79** **** 6361
2025-04-19 20:26:57,972 - masks.py - DEBUG: Начинаем маскировать номер карты: 7000792289606361
2025-04-19 20:26:57,972 - masks.py - DEBUG: Номер карты маскирован: 7000 79** **** 6361
2025-04-19 20:26:57,988 - masks.py - DEBUG: Начинаем маскировать номер карты: 9876543210987654
2025-04-19 20:26:57,988 - masks.py - DEBUG: Номер карты маскирован: 9876 54** **** 7654
2025-04-19 20:26:57,988 - masks.py - DEBUG: Начинаем маскировать номер карты: 700079228960636
2025-04-19 20:26:57,988 - masks.py - ERROR: Номер карты должен содержать 16 цифр и не содержать букв.
2025-04-19 20:26:57,988 - masks.py - DEBUG: Начинаем маскировать номер карты: 70007922896063611
2025-04-19 20:26:57,988 - masks.py - ERROR: Номер карты должен содержать 16 цифр и не содержать букв.
2025-04-19 20:26:57,988 - masks.py - DEBUG: Начинаем маскировать номер карты: 
2025-04-19 20:26:57,988 - masks.py - ERROR: Номер карты должен содержать 16 цифр и не содержать букв.
2025-04-19 20:26:57,988 - masks.py - DEBUG: Начинаем маскировать номер карты: 1234 5678 9012 ab
2025-04-19 20:26:57,988 - masks.py - ERROR: Номер карты не должен содержать пробелы.
2025-04-19 20:26:57,988 - masks.py - DEBUG: Начинаем маскировать номер счета: 73654108430135874305
2025-04-19 20:26:57,988 - masks.py - DEBUG: Номер счета маскирован: **4305
2025-04-19 20:26:58,003 - masks.py - DEBUG: Начинаем маскировать номер счета: 98765432109876543210
2025-04-19 20:26:58,003 - masks.py - DEBUG: Номер счета маскирован: **3210
2025-04-19 20:26:58,003 - masks.py - DEBUG: Начинаем маскировать номер счета: 7365410843013587430
2025-04-19 20:26:58,003 - masks.py - ERROR: Номер счета должен состоять из 20 цифр и не содержать букв.
2025-04-19 20:26:58,003 - masks.py - DEBUG: Начинаем маскировать номер счета: 736541084301358743051
2025-04-19 20:26:58,003 - masks.py - ERROR: Номер счета должен состоять из 20 цифр и не содержать букв.
2025-04-19 20:26:58,003 - masks.py - DEBUG: Начинаем маскировать номер счета: 
2025-04-19 20:26:58,003 - masks.py - ERROR: Номер счета должен состоять из 20 цифр и не содержать букв.
2025-04-19 20:26:58,003 - masks.py - DEBUG: Начинаем маскировать номер счета: 1234 5678 9012 3456 789a
2025-04-19 20:26:58,003 - masks.py - ERROR: Номер счета не должен содержать пробелы.
2025-04-19 20:26:58,081 - masks.py - DEBUG: Начинаем маскировать номер карты: 1234567890123456
2025-04-19 20:26:58,081 - masks.py - DEBUG: Номер карты маскирован: 1234 56** **** 3456
2025-04-19 20:26:58,081 - masks.py - DEBUG: Начинаем маскировать номер карты: 9876543210987654
2025-04-19 20:26:58,081 - masks.py - DEBUG: Номер карты маскирован: 9876 54** **** 7654
2025-04-19 20:26:58,081 - masks.py - DEBUG: Начинаем маскировать номер счета: 12345678901234567890
2025-04-19 20:26:58,081 - masks.py - DEBUG: Номер счета маскирован: **7890
